Command line invocation:
    /Applications/Xcode.app/Contents/Developer/usr/bin/xcodebuild -project GuidedCaptureSample/GuidedCaptureSample.xcodeproj -scheme GuidedCaptureSample -destination generic/platform=iOS build

ComputePackagePrebuildTargetDependencyGraph

Prepare packages

CreateBuildRequest

SendProjectDescription

CreateBuildOperation

ComputeTargetDependencyGraph
note: Building targets in dependency order
note: Target dependency graph (1 target)
    Target 'GuidedCaptureSample' in project 'GuidedCaptureSample' (no dependencies)

GatherProvisioningInputs

CreateBuildDescription

ClangStatCache /Applications/Xcode.app/Contents/Developer/Toolchains/XcodeDefault.xctoolchain/usr/bin/clang-stat-cache /Applications/Xcode.app/Contents/Developer/Platforms/iPhoneOS.platform/Developer/SDKs/iPhoneOS26.1.sdk /Users/yashkumar/Library/Developer/Xcode/DerivedData/SDKStatCaches.noindex/iphoneos26.1-23B77-69b33fc7382b27d9b5d46e82a00f8e78.sdkstatcache
    cd /Users/yashkumar/Downloads/ScanningObjectsUsingObjectCapture\ \(8\)/GuidedCaptureSample/GuidedCaptureSample.xcodeproj
    /Applications/Xcode.app/Contents/Developer/Toolchains/XcodeDefault.xctoolchain/usr/bin/clang-stat-cache /Applications/Xcode.app/Contents/Developer/Platforms/iPhoneOS.platform/Developer/SDKs/iPhoneOS26.1.sdk -o /Users/yashkumar/Library/Developer/Xcode/DerivedData/SDKStatCaches.noindex/iphoneos26.1-23B77-69b33fc7382b27d9b5d46e82a00f8e78.sdkstatcache

SwiftDriver GuidedCaptureSample normal arm64 com.apple.xcode.tools.swift.compiler (in target 'GuidedCaptureSample' from project 'GuidedCaptureSample')
    cd /Users/yashkumar/Downloads/ScanningObjectsUsingObjectCapture\ \(8\)/GuidedCaptureSample
    builtin-SwiftDriver -- /Applications/Xcode.app/Contents/Developer/Toolchains/XcodeDefault.xctoolchain/usr/bin/swiftc -module-name GuidedCaptureSample -Onone -enforce-exclusivity\=checked @/Users/yashkumar/Library/Developer/Xcode/DerivedData/GuidedCaptureSample-gkixdhiryltlrkabwqehwybukdgx/Build/Intermediates.noindex/GuidedCaptureSample.build/Debug-iphoneos/GuidedCaptureSample.build/Objects-normal/arm64/GuidedCaptureSample.SwiftFileList -DDEBUG -enable-bare-slash-regex -enable-experimental-feature DebugDescriptionMacro -sdk /Applications/Xcode.app/Contents/Developer/Platforms/iPhoneOS.platform/Developer/SDKs/iPhoneOS26.1.sdk -target arm64-apple-ios18.0 -g -module-cache-path /Users/yashkumar/Library/Developer/Xcode/DerivedData/ModuleCache.noindex -Xfrontend -serialize-debugging-options -enable-testing -index-store-path /Users/yashkumar/Library/Developer/Xcode/DerivedData/GuidedCaptureSample-gkixdhiryltlrkabwqehwybukdgx/Index.noindex/DataStore -Xcc -D_LIBCPP_HARDENING_MODE\=_LIBCPP_HARDENING_MODE_DEBUG -swift-version 5 -I /Users/yashkumar/Library/Developer/Xcode/DerivedData/GuidedCaptureSample-gkixdhiryltlrkabwqehwybukdgx/Build/Products/Debug-iphoneos -F /Users/yashkumar/Library/Developer/Xcode/DerivedData/GuidedCaptureSample-gkixdhiryltlrkabwqehwybukdgx/Build/Products/Debug-iphoneos -emit-localized-strings -emit-localized-strings-path /Users/yashkumar/Library/Developer/Xcode/DerivedData/GuidedCaptureSample-gkixdhiryltlrkabwqehwybukdgx/Build/Intermediates.noindex/GuidedCaptureSample.build/Debug-iphoneos/GuidedCaptureSample.build/Objects-normal/arm64 -c -j10 -enable-batch-mode -incremental -Xcc -ivfsstatcache -Xcc /Users/yashkumar/Library/Developer/Xcode/DerivedData/SDKStatCaches.noindex/iphoneos26.1-23B77-69b33fc7382b27d9b5d46e82a00f8e78.sdkstatcache -output-file-map /Users/yashkumar/Library/Developer/Xcode/DerivedData/GuidedCaptureSample-gkixdhiryltlrkabwqehwybukdgx/Build/Intermediates.noindex/GuidedCaptureSample.build/Debug-iphoneos/GuidedCaptureSample.build/Objects-normal/arm64/GuidedCaptureSample-OutputFileMap.json -use-frontend-parseable-output -save-temps -no-color-diagnostics -explicit-module-build -module-cache-path /Users/yashkumar/Library/Developer/Xcode/DerivedData/GuidedCaptureSample-gkixdhiryltlrkabwqehwybukdgx/Build/Intermediates.noindex/SwiftExplicitPrecompiledModules -clang-scanner-module-cache-path /Users/yashkumar/Library/Developer/Xcode/DerivedData/ModuleCache.noindex -sdk-module-cache-path /Users/yashkumar/Library/Developer/Xcode/DerivedData/ModuleCache.noindex -serialize-diagnostics -emit-dependencies -emit-module -emit-module-path /Users/yashkumar/Library/Developer/Xcode/DerivedData/GuidedCaptureSample-gkixdhiryltlrkabwqehwybukdgx/Build/Intermediates.noindex/GuidedCaptureSample.build/Debug-iphoneos/GuidedCaptureSample.build/Objects-normal/arm64/GuidedCaptureSample.swiftmodule -validate-clang-modules-once -clang-build-session-file /Users/yashkumar/Library/Developer/Xcode/DerivedData/ModuleCache.noindex/Session.modulevalidation -Xcc -I/Users/yashkumar/Library/Developer/Xcode/DerivedData/GuidedCaptureSample-gkixdhiryltlrkabwqehwybukdgx/Build/Intermediates.noindex/GuidedCaptureSample.build/Debug-iphoneos/GuidedCaptureSample.build/swift-overrides.hmap -emit-const-values -Xfrontend -const-gather-protocols-file -Xfrontend /Users/yashkumar/Library/Developer/Xcode/DerivedData/GuidedCaptureSample-gkixdhiryltlrkabwqehwybukdgx/Build/Intermediates.noindex/GuidedCaptureSample.build/Debug-iphoneos/GuidedCaptureSample.build/Objects-normal/arm64/GuidedCaptureSample_const_extract_protocols.json -Xcc -iquote -Xcc /Users/yashkumar/Library/Developer/Xcode/DerivedData/GuidedCaptureSample-gkixdhiryltlrkabwqehwybukdgx/Build/Intermediates.noindex/GuidedCaptureSample.build/Debug-iphoneos/GuidedCaptureSample.build/GuidedCaptureSample-generated-files.hmap -Xcc -I/Users/yashkumar/Library/Developer/Xcode/DerivedData/GuidedCaptureSample-gkixdhiryltlrkabwqehwybukdgx/Build/Intermediates.noindex/GuidedCaptureSample.build/Debug-iphoneos/GuidedCaptureSample.build/GuidedCaptureSample-own-target-headers.hmap -Xcc -I/Users/yashkumar/Library/Developer/Xcode/DerivedData/GuidedCaptureSample-gkixdhiryltlrkabwqehwybukdgx/Build/Intermediates.noindex/GuidedCaptureSample.build/Debug-iphoneos/GuidedCaptureSample.build/GuidedCaptureSample-all-target-headers.hmap -Xcc -iquote -Xcc /Users/yashkumar/Library/Developer/Xcode/DerivedData/GuidedCaptureSample-gkixdhiryltlrkabwqehwybukdgx/Build/Intermediates.noindex/GuidedCaptureSample.build/Debug-iphoneos/GuidedCaptureSample.build/GuidedCaptureSample-project-headers.hmap -Xcc -I/Users/yashkumar/Library/Developer/Xcode/DerivedData/GuidedCaptureSample-gkixdhiryltlrkabwqehwybukdgx/Build/Products/Debug-iphoneos/include -Xcc -I/Users/yashkumar/Library/Developer/Xcode/DerivedData/GuidedCaptureSample-gkixdhiryltlrkabwqehwybukdgx/Build/Intermediates.noindex/GuidedCaptureSample.build/Debug-iphoneos/GuidedCaptureSample.build/DerivedSources-normal/arm64 -Xcc -I/Users/yashkumar/Library/Developer/Xcode/DerivedData/GuidedCaptureSample-gkixdhiryltlrkabwqehwybukdgx/Build/Intermediates.noindex/GuidedCaptureSample.build/Debug-iphoneos/GuidedCaptureSample.build/DerivedSources/arm64 -Xcc -I/Users/yashkumar/Library/Developer/Xcode/DerivedData/GuidedCaptureSample-gkixdhiryltlrkabwqehwybukdgx/Build/Intermediates.noindex/GuidedCaptureSample.build/Debug-iphoneos/GuidedCaptureSample.build/DerivedSources -Xcc -DDEBUG\=1 -emit-objc-header -emit-objc-header-path /Users/yashkumar/Library/Developer/Xcode/DerivedData/GuidedCaptureSample-gkixdhiryltlrkabwqehwybukdgx/Build/Intermediates.noindex/GuidedCaptureSample.build/Debug-iphoneos/GuidedCaptureSample.build/Objects-normal/arm64/GuidedCaptureSample-Swift.h -working-directory /Users/yashkumar/Downloads/ScanningObjectsUsingObjectCapture\ \(8\)/GuidedCaptureSample -experimental-emit-module-separately -disable-cmo

SwiftEmitModule normal arm64 Emitting\ module\ for\ GuidedCaptureSample (in target 'GuidedCaptureSample' from project 'GuidedCaptureSample')

EmitSwiftModule normal arm64 (in target 'GuidedCaptureSample' from project 'GuidedCaptureSample')
    cd /Users/yashkumar/Downloads/ScanningObjectsUsingObjectCapture\ \(8\)/GuidedCaptureSample
    

SwiftCompile normal arm64 Compiling\ RestaurantDetailsScreen.swift /Users/yashkumar/Downloads/ScanningObjectsUsingObjectCapture\ (8)/GuidedCaptureSample/UI/Screens/RestaurantDetailsScreen.swift (in target 'GuidedCaptureSample' from project 'GuidedCaptureSample')
SwiftCompile normal arm64 /Users/yashkumar/Downloads/ScanningObjectsUsingObjectCapture\ (8)/GuidedCaptureSample/UI/Screens/RestaurantDetailsScreen.swift (in target 'GuidedCaptureSample' from project 'GuidedCaptureSample')
    cd /Users/yashkumar/Downloads/ScanningObjectsUsingObjectCapture\ \(8\)/GuidedCaptureSample
    
/Users/yashkumar/Downloads/ScanningObjectsUsingObjectCapture (8)/GuidedCaptureSample/UI/Screens/RestaurantDetailsScreen.swift:87:73: error: value of optional type 'String?' must be unwrapped to a value of type 'String'
            if let dish = selectedDishForAR, let url = URL(string: dish.model_url) {
                                                                        ^
/Users/yashkumar/Downloads/ScanningObjectsUsingObjectCapture (8)/GuidedCaptureSample/UI/Screens/RestaurantDetailsScreen.swift:87:73: note: coalesce using '??' to provide a default when the optional value contains 'nil'
            if let dish = selectedDishForAR, let url = URL(string: dish.model_url) {
                                                                        ^
                                                                                  ?? <#default value#>
/Users/yashkumar/Downloads/ScanningObjectsUsingObjectCapture (8)/GuidedCaptureSample/UI/Screens/RestaurantDetailsScreen.swift:87:73: note: force-unwrap using '!' to abort execution if the optional value contains 'nil'
            if let dish = selectedDishForAR, let url = URL(string: dish.model_url) {
                                                                        ^
                                                                                 !
/Users/yashkumar/Downloads/ScanningObjectsUsingObjectCapture (8)/GuidedCaptureSample/UI/Screens/RestaurantDetailsScreen.swift:297:45: error: value of optional type 'String?' must be unwrapped to refer to member 'isEmpty' of wrapped base type 'String'
                            hasModel: !dish.model_url.isEmpty,
                                            ^
/Users/yashkumar/Downloads/ScanningObjectsUsingObjectCapture (8)/GuidedCaptureSample/UI/Screens/RestaurantDetailsScreen.swift:297:45: note: chain the optional using '?' to access member 'isEmpty' only for non-'nil' base values
                            hasModel: !dish.model_url.isEmpty,
                                            ^
                                                     ?
/Users/yashkumar/Downloads/ScanningObjectsUsingObjectCapture (8)/GuidedCaptureSample/UI/Screens/RestaurantDetailsScreen.swift:297:45: note: force-unwrap using '!' to abort execution if the optional value contains 'nil'
                            hasModel: !dish.model_url.isEmpty,
                                            ^
                                                     !

Failed frontend command:
/Applications/Xcode.app/Contents/Developer/Toolchains/XcodeDefault.xctoolchain/usr/bin/swift-frontend -frontend -c /Users/yashkumar/Downloads/ScanningObjectsUsingObjectCapture\ \(8\)/GuidedCaptureSample/GuidedCaptureSample/OnboardingTutorialView+LocalizedString.swift /Users/yashkumar/Downloads/ScanningObjectsUsingObjectCapture\ \(8\)/GuidedCaptureSample/GuidedCaptureSample/OnboardingStateMachine.swift /Users/yashkumar/Downloads/ScanningObjectsUsingObjectCapture\ \(8\)/GuidedCaptureSample/GuidedCaptureSample/AppDataModel.swift /Users/yashkumar/Downloads/ScanningObjectsUsingObjectCapture\ \(8\)/GuidedCaptureSample/GuidedCaptureSample/GuidedCaptureSampleApp.swift /Users/yashkumar/Downloads/ScanningObjectsUsingObjectCapture\ \(8\)/GuidedCaptureSample/GuidedCaptureSample/TimedMessageList.swift /Users/yashkumar/Downloads/ScanningObjectsUsingObjectCapture\ \(8\)/GuidedCaptureSample/GuidedCaptureSample/OnboardingButtonView+LocalizedString.swift /Users/yashkumar/Downloads/ScanningObjectsUsingObjectCapture\ \(8\)/GuidedCaptureSample/GuidedCaptureSample/Views/FeedbackView.swift /Users/yashkumar/Downloads/ScanningObjectsUsingObjectCapture\ \(8\)/GuidedCaptureSample/UI/Screens/Owner/OwnerReservationsScreen.swift /Users/yashkumar/Downloads/ScanningObjectsUsingObjectCapture\ \(8\)/GuidedCaptureSample/UI/Screens/Auth/SignupScreen.swift /Users/yashkumar/Downloads/ScanningObjectsUsingObjectCapture\ \(8\)/GuidedCaptureSample/UI/Screens/RoleSelectionScreen.swift /Users/yashkumar/Downloads/ScanningObjectsUsingObjectCapture\ \(8\)/GuidedCaptureSample/UI/Screens/MenuScreen.swift /Users/yashkumar/Downloads/ScanningObjectsUsingObjectCapture\ \(8\)/GuidedCaptureSample/UI/Screens/MenuViewerScreen.swift /Users/yashkumar/Downloads/ScanningObjectsUsingObjectCapture\ \(8\)/GuidedCaptureSample/UI/Components/Preview3DView.swift /Users/yashkumar/Downloads/ScanningObjectsUsingObjectCapture\ \(8\)/GuidedCaptureSample/UI/Screens/Owner/RestaurantOnboardingScreen.swift /Users/yashkumar/Downloads/ScanningObjectsUsingObjectCapture\ \(8\)/GuidedCaptureSample/UI/Components/SkeletonModifier.swift /Users/yashkumar/Downloads/ScanningObjectsUsingObjectCapture\ \(8\)/GuidedCaptureSample/UI/Components/Toast.swift /Users/yashkumar/Downloads/ScanningObjectsUsingObjectCapture\ \(8\)/GuidedCaptureSample/UI/Screens/SearchScreen.swift /Users/yashkumar/Downloads/ScanningObjectsUsingObjectCapture\ \(8\)/GuidedCaptureSample/UI/Components/SearchInput.swift /Users/yashkumar/Downloads/ScanningObjectsUsingObjectCapture\ \(8\)/GuidedCaptureSample/UI/Models/Restaurant.swift /Users/yashkumar/Downloads/ScanningObjectsUsingObjectCapture\ \(8\)/GuidedCaptureSample/UI/Components/LoginButton.swift /Users/yashkumar/Downloads/ScanningObjectsUsingObjectCapture\ \(8\)/GuidedCaptureSample/UI/Screens/Owner/OwnerSettingsScreen.swift /Users/yashkumar/Downloads/ScanningObjectsUsingObjectCapture\ \(8\)/GuidedCaptureSample/UI/Navigation/RootView.swift /Users/yashkumar/Downloads/ScanningObjectsUsingObjectCapture\ \(8\)/GuidedCaptureSample/UI/Screens/Owner/CaptureSetupScreen.swift /Users/yashkumar/Downloads/ScanningObjectsUsingObjectCapture\ \(8\)/GuidedCaptureSample/UI/Screens/HomeView.swift /Users/yashkumar/Downloads/ScanningObjectsUsingObjectCapture\ \(8\)/GuidedCaptureSample/UI/Screens/Owner/OwnerMenuScreen.swift /Users/yashkumar/Downloads/ScanningObjectsUsingObjectCapture\ \(8\)/GuidedCaptureSample/UI/Screens/Owner/ObjectCaptureContainer.swift /Users/yashkumar/Downloads/ScanningObjectsUsingObjectCapture\ \(8\)/GuidedCaptureSample/UI/Screens/Owner/AddEditDishScreen.swift /Users/yashkumar/Downloads/ScanningObjectsUsingObjectCapture\ \(8\)/GuidedCaptureSample/UI/Screens/Owner/OnboardingSuccessScreen.swift /Users/yashkumar/Downloads/ScanningObjectsUsingObjectCapture\ \(8\)/GuidedCaptureSample/UI/Components/GlowBackground.swift /Users/yashkumar/Downloads/ScanningObjectsUsingObjectCapture\ \(8\)/GuidedCaptureSample/UI/Screens/Owner/GeneratedModelsScreen.swift /Users/yashkumar/Downloads/ScanningObjectsUsingObjectCapture\ \(8\)/GuidedCaptureSample/UI/Styles/AppColors.swift /Users/yashkumar/Downloads/ScanningObjectsUsingObjectCapture\ \(8\)/GuidedCaptureSample/UI/Components/SecondaryButton.swift /Users/yashkumar/Downloads/ScanningObjectsUsingObjectCapture\ \(8\)/GuidedCaptureSample/UI/Components/FeatureCardV2.swift /Users/yashkumar/Downloads/ScanningObjectsUsingObjectCapture\ \(8\)/GuidedCaptureSample/UI/Screens/SplashScreen.swift /Users/yashkumar/Downloads/ScanningObjectsUsingObjectCapture\ \(8\)/GuidedCaptureSample/UI/Styles/Theme.swift /Users/yashkumar/Downloads/ScanningObjectsUsingObjectCapture\ \(8\)/GuidedCaptureSample/UI/Screens/DishViewerScreen.swift /Users/yashkumar/Downloads/ScanningObjectsUsingObjectCapture\ \(8\)/GuidedCaptureSample/UI/Components/BottomTabBar.swift /Users/yashkumar/Downloads/ScanningObjectsUsingObjectCapture\ \(8\)/GuidedCaptureSample/UI/Components/ScaleButtonStyle.swift /Users/yashkumar/Downloads/ScanningObjectsUsingObjectCapture\ \(8\)/GuidedCaptureSample/UI/Components/SupabaseConfig.swift /Users/yashkumar/Downloads/ScanningObjectsUsingObjectCapture\ \(8\)/GuidedCaptureSample/UI/Components/GhostButton.swift /Users/yashkumar/Downloads/ScanningObjectsUsingObjectCapture\ \(8\)/GuidedCaptureSample/UI/Components/LiquidGlassBackground.swift -primary-file /Users/yashkumar/Downloads/ScanningObjectsUsingObjectCapture\ \(8\)/GuidedCaptureSample/UI/Screens/RestaurantDetailsScreen.swift /Users/yashkumar/Downloads/ScanningObjectsUsingObjectCapture\ \(8\)/GuidedCaptureSample/UI/Components/PrimaryButton.swift /Users/yashkumar/Downloads/ScanningObjectsUsingObjectCapture\ \(8\)/GuidedCaptureSample/UI/Screens/Owner/OwnerTabView.swift /Users/yashkumar/Downloads/ScanningObjectsUsingObjectCapture\ \(8\)/GuidedCaptureSample/UI/Screens/Owner/OwnerSignupScreen.swift /Users/yashkumar/Downloads/ScanningObjectsUsingObjectCapture\ \(8\)/GuidedCaptureSample/UI/Components/RestaurantCard.swift /Users/yashkumar/Downloads/ScanningObjectsUsingObjectCapture\ \(8\)/GuidedCaptureSample/UI/Screens/Owner/OwnerDashboardScreen.swift /Users/yashkumar/Downloads/ScanningObjectsUsingObjectCapture\ \(8\)/GuidedCaptureSample/UI/Styles/ViewExtensions.swift /Users/yashkumar/Downloads/ScanningObjectsUsingObjectCapture\ \(8\)/GuidedCaptureSample/UI/Screens/Owner/OwnerLoginScreen.swift /Users/yashkumar/Downloads/ScanningObjectsUsingObjectCapture\ \(8\)/GuidedCaptureSample/UI/Screens/Owner/ManualCaptureView.swift /Users/yashkumar/Downloads/ScanningObjectsUsingObjectCapture\ \(8\)/GuidedCaptureSample/UI/Screens/Owner/OwnerGeneratorScreen.swift /Users/yashkumar/Downloads/ScanningObjectsUsingObjectCapture\ \(8\)/GuidedCaptureSample/UI/Components/BookingSheet.swift /Users/yashkumar/Downloads/ScanningObjectsUsingObjectCapture\ \(8\)/GuidedCaptureSample/UI/Components/GlassInput.swift /Users/yashkumar/Downloads/ScanningObjectsUsingObjectCapture\ \(8\)/GuidedCaptureSample/UI/Components/SupabaseManager.swift /Users/yashkumar/Downloads/ScanningObjectsUsingObjectCapture\ \(8\)/GuidedCaptureSample/UI/Components/DishCard.swift /Users/yashkumar/Downloads/ScanningObjectsUsingObjectCapture\ \(8\)/GuidedCaptureSample/UI/Components/CategoryTab.swift /Users/yashkumar/Downloads/ScanningObjectsUsingObjectCapture\ \(8\)/GuidedCaptureSample/UI/Screens/ReservationScreen.swift /Users/yashkumar/Downloads/ScanningObjectsUsingObjectCapture\ \(8\)/GuidedCaptureSample/UI/Screens/MyReservationsScreen.swift /Users/yashkumar/Downloads/ScanningObjectsUsingObjectCapture\ \(8\)/GuidedCaptureSample/UI/Components/Model3DView.swift /Users/yashkumar/Downloads/ScanningObjectsUsingObjectCapture\ \(8\)/GuidedCaptureSample/UI/Screens/Owner/BecomeOwnerScreen.swift /Users/yashkumar/Downloads/ScanningObjectsUsingObjectCapture\ \(8\)/GuidedCaptureSample/UI/Screens/Auth/LoginScreen.swift /Users/yashkumar/Downloads/ScanningObjectsUsingObjectCapture\ \(8\)/GuidedCaptureSample/UI/Screens/ProfileScreen.swift /Users/yashkumar/Downloads/ScanningObjectsUsingObjectCapture\ \(8\)/GuidedCaptureSample/UI/Components/FilterChip.swift /Users/yashkumar/Downloads/ScanningObjectsUsingObjectCapture\ \(8\)/GuidedCaptureSample/UI/Components/GlassCard.swift /Users/yashkumar/Downloads/ScanningObjectsUsingObjectCapture\ \(8\)/GuidedCaptureSample/GuidedCaptureSample/Views/TutorialVideoView.swift /Users/yashkumar/Downloads/ScanningObjectsUsingObjectCapture\ \(8\)/GuidedCaptureSample/GuidedCaptureSample/Views/TutorialPageView.swift /Users/yashkumar/Downloads/ScanningObjectsUsingObjectCapture\ \(8\)/GuidedCaptureSample/GuidedCaptureSample/Views/ProgressBarView.swift /Users/yashkumar/Downloads/ScanningObjectsUsingObjectCapture\ \(8\)/GuidedCaptureSample/GuidedCaptureSample/Views/CapturePrimaryView.swift /Users/yashkumar/Downloads/ScanningObjectsUsingObjectCapture\ \(8\)/GuidedCaptureSample/GuidedCaptureSample/Views/HelpPageView.swift /Users/yashkumar/Downloads/ScanningObjectsUsingObjectCapture\ \(8\)/GuidedCaptureSample/GuidedCaptureSample/AppDataModel+Orbit.swift /Users/yashkumar/Downloads/ScanningObjectsUsingObjectCapture\ \(8\)/GuidedCaptureSample/GuidedCaptureSample/Views/ContentView.swift /Users/yashkumar/Downloads/ScanningObjectsUsingObjectCapture\ \(8\)/GuidedCaptureSample/GuidedCaptureSample/Views/PlayerView.swift /Users/yashkumar/Downloads/ScanningObjectsUsingObjectCapture\ \(8\)/GuidedCaptureSample/GuidedCaptureSample/Views/ModelView.swift /Users/yashkumar/Downloads/ScanningObjectsUsingObjectCapture\ \(8\)/GuidedCaptureSample/GuidedCaptureSample/Views/TopOverlayButtons.swift /Users/yashkumar/Downloads/ScanningObjectsUsingObjectCapture\ \(8\)/GuidedCaptureSample/UI/Components/ARViewContainer.swift /Users/yashkumar/Downloads/ScanningObjectsUsingObjectCapture\ \(8\)/GuidedCaptureSample/GuidedCaptureSample/Views/CaptureOverlayView.swift /Users/yashkumar/Downloads/ScanningObjectsUsingObjectCapture\ \(8\)/GuidedCaptureSample/GuidedCaptureSample/Views/OnboardingView.swift /Users/yashkumar/Downloads/ScanningObjectsUsingObjectCapture\ \(8\)/GuidedCaptureSample/GuidedCaptureSample/Views/PrimaryView.swift /Users/yashkumar/Downloads/ScanningObjectsUsingObjectCapture\ \(8\)/GuidedCaptureSample/GuidedCaptureSample/Views/BottomOverlayButtons.swift /Users/yashkumar/Downloads/ScanningObjectsUsingObjectCapture\ \(8\)/GuidedCaptureSample/GuidedCaptureSample/Views/ReconstructionPrimaryView.swift /Users/yashkumar/Downloads/ScanningObjectsUsingObjectCapture\ \(8\)/GuidedCaptureSample/GuidedCaptureSample/Views/OnboardingTutorialView.swift /Users/yashkumar/Downloads/ScanningObjectsUsingObjectCapture\ \(8\)/GuidedCaptureSample/GuidedCaptureSample/Views/OnboardingButtonView.swift /Users/yashkumar/Downloads/ScanningObjectsUsingObjectCapture\ \(8\)/GuidedCaptureSample/GuidedCaptureSample/UntilProcessingCompleteFilter.swift /Users/yashkumar/Downloads/ScanningObjectsUsingObjectCapture\ \(8\)/GuidedCaptureSample/GuidedCaptureSample/CaptureFolderManager.swift /Users/yashkumar/Downloads/ScanningObjectsUsingObjectCapture\ \(8\)/GuidedCaptureSample/GuidedCaptureSample/FeedbackMessages.swift /Users/yashkumar/Library/Developer/Xcode/DerivedData/GuidedCaptureSample-gkixdhiryltlrkabwqehwybukdgx/Build/Intermediates.noindex/GuidedCaptureSample.build/Debug-iphoneos/GuidedCaptureSample.build/DerivedSources/GeneratedAssetSymbols.swift -emit-dependencies-path /Users/yashkumar/Library/Developer/Xcode/DerivedData/GuidedCaptureSample-gkixdhiryltlrkabwqehwybukdgx/Build/Intermediates.noindex/GuidedCaptureSample.build/Debug-iphoneos/GuidedCaptureSample.build/Objects-normal/arm64/RestaurantDetailsScreen.d -emit-const-values-path /Users/yashkumar/Library/Developer/Xcode/DerivedData/GuidedCaptureSample-gkixdhiryltlrkabwqehwybukdgx/Build/Intermediates.noindex/GuidedCaptureSample.build/Debug-iphoneos/GuidedCaptureSample.build/Objects-normal/arm64/RestaurantDetailsScreen.swiftconstvalues -emit-reference-dependencies-path /Users/yashkumar/Library/Developer/Xcode/DerivedData/GuidedCaptureSample-gkixdhiryltlrkabwqehwybukdgx/Build/Intermediates.noindex/GuidedCaptureSample.build/Debug-iphoneos/GuidedCaptureSample.build/Objects-normal/arm64/RestaurantDetailsScreen.swiftdeps -serialize-diagnostics-path /Users/yashkumar/Library/Developer/Xcode/DerivedData/GuidedCaptureSample-gkixdhiryltlrkabwqehwybukdgx/Build/Intermediates.noindex/GuidedCaptureSample.build/Debug-iphoneos/GuidedCaptureSample.build/Objects-normal/arm64/RestaurantDetailsScreen.dia -emit-localized-strings -emit-localized-strings-path /Users/yashkumar/Library/Developer/Xcode/DerivedData/GuidedCaptureSample-gkixdhiryltlrkabwqehwybukdgx/Build/Intermediates.noindex/GuidedCaptureSample.build/Debug-iphoneos/GuidedCaptureSample.build/Objects-normal/arm64 -target arm64-apple-ios18.0 -module-can-import-version DeveloperToolsSupport 23.0.4 23.0.4 -module-can-import-version SwiftUI 7.1.13.1 7.1.13 -module-can-import-version UIKit 9126.1.12.1 9126.1.12 -disable-cross-import-overlay-search -swift-module-cross-import AVKit /Applications/Xcode.app/Contents/Developer/Platforms/iPhoneOS.platform/Developer/SDKs/iPhoneOS.sdk/System/Library/Frameworks/AVKit.framework/Modules/AVKit.swiftcrossimport/SwiftUI.swiftoverlay -swift-module-cross-import AVKit /Applications/Xcode.app/Contents/Developer/Platforms/iPhoneOS.platform/Developer/SDKs/iPhoneOS26.1.sdk/System/Library/Frameworks/AVKit.framework/Modules/AVKit.swiftcrossimport/SwiftUI.swiftoverlay -swift-module-cross-import PhotosUI /Applications/Xcode.app/Contents/Developer/Platforms/iPhoneOS.platform/Developer/SDKs/iPhoneOS.sdk/System/Library/Frameworks/PhotosUI.framework/Modules/PhotosUI.swiftcrossimport/SwiftUI.swiftoverlay -swift-module-cross-import PhotosUI /Applications/Xcode.app/Contents/Developer/Platforms/iPhoneOS.platform/Developer/SDKs/iPhoneOS.sdk/System/Library/Frameworks/PhotosUI.framework/Modules/PhotosUI.swiftcrossimport/WidgetKit.swiftoverlay -swift-module-cross-import PhotosUI /Applications/Xcode.app/Contents/Developer/Platforms/iPhoneOS.platform/Developer/SDKs/iPhoneOS26.1.sdk/System/Library/Frameworks/PhotosUI.framework/Modules/PhotosUI.swiftcrossimport/SwiftUI.swiftoverlay -swift-module-cross-import PhotosUI /Applications/Xcode.app/Contents/Developer/Platforms/iPhoneOS.platform/Developer/SDKs/iPhoneOS26.1.sdk/System/Library/Frameworks/PhotosUI.framework/Modules/PhotosUI.swiftcrossimport/WidgetKit.swiftoverlay -swift-module-cross-import QuickLook /Applications/Xcode.app/Contents/Developer/Platforms/iPhoneOS.platform/Developer/SDKs/iPhoneOS.sdk/System/Library/Frameworks/QuickLook.framework/Modules/QuickLook.swiftcrossimport/SwiftUI.swiftoverlay -swift-module-cross-import QuickLook /Applications/Xcode.app/Contents/Developer/Platforms/iPhoneOS.platform/Developer/SDKs/iPhoneOS26.1.sdk/System/Library/Frameworks/QuickLook.framework/Modules/QuickLook.swiftcrossimport/SwiftUI.swiftoverlay -swift-module-cross-import RealityKit /Applications/Xcode.app/Contents/Developer/Platforms/iPhoneOS.platform/Developer/SDKs/iPhoneOS26.1.sdk/System/Library/Frameworks/RealityKit.framework/Modules/RealityKit.swiftcrossimport/SwiftUI.swiftoverlay -swift-module-cross-import SceneKit /Applications/Xcode.app/Contents/Developer/Platforms/iPhoneOS.platform/Developer/SDKs/iPhoneOS.sdk/System/Library/Frameworks/SceneKit.framework/Modules/SceneKit.swiftcrossimport/SwiftUI.swiftoverlay -load-resolved-plugin /Applications/Xcode.app/Contents/Developer/Platforms/iPhoneOS.platform/Developer/usr/lib/swift/host/plugins/libFoundationMacros.dylib\#/Applications/Xcode.app/Contents/Developer/Platforms/iPhoneOS.platform/Developer/usr/bin/swift-plugin-server\#FoundationMacros -load-resolved-plugin /Applications/Xcode.app/Contents/Developer/Platforms/iPhoneOS.platform/Developer/usr/lib/swift/host/plugins/libObservationMacros.dylib\#/Applications/Xcode.app/Contents/Developer/Platforms/iPhoneOS.platform/Developer/usr/bin/swift-plugin-server\#ObservationMacros -load-resolved-plugin /Applications/Xcode.app/Contents/Developer/Platforms/iPhoneOS.platform/Developer/usr/lib/swift/host/plugins/libPreviewsMacros.dylib\#/Applications/Xcode.app/Contents/Developer/Platforms/iPhoneOS.platform/Developer/usr/bin/swift-plugin-server\#PreviewsMacros -load-resolved-plugin /Applications/Xcode.app/Contents/Developer/Platforms/iPhoneOS.platform/Developer/usr/lib/swift/host/plugins/libSwiftMacros.dylib\#/Applications/Xcode.app/Contents/Developer/Platforms/iPhoneOS.platform/Developer/usr/bin/swift-plugin-server\#SwiftMacros -load-resolved-plugin /Applications/Xcode.app/Contents/Developer/Platforms/iPhoneOS.platform/Developer/usr/lib/swift/host/plugins/libSwiftUIMacros.dylib\#/Applications/Xcode.app/Contents/Developer/Platforms/iPhoneOS.platform/Developer/usr/bin/swift-plugin-server\#SwiftUIMacros -load-resolved-plugin /Applications/Xcode.app/Contents/Developer/Platforms/iPhoneOS.platform/Developer/usr/lib/swift/host/plugins/libTipKitMacros.dylib\#/Applications/Xcode.app/Contents/Developer/Platforms/iPhoneOS.platform/Developer/usr/bin/swift-plugin-server\#TipKitMacros -disable-implicit-swift-modules -Xcc -fno-implicit-modules -Xcc -fno-implicit-module-maps -explicit-swift-module-map-file /Users/yashkumar/Library/Developer/Xcode/DerivedData/GuidedCaptureSample-gkixdhiryltlrkabwqehwybukdgx/Build/Intermediates.noindex/GuidedCaptureSample.build/Debug-iphoneos/GuidedCaptureSample.build/Objects-normal/arm64/GuidedCaptureSample-dependencies-1.json -Xllvm -aarch64-use-tbi -enable-objc-interop -stack-check -sdk /Applications/Xcode.app/Contents/Developer/Platforms/iPhoneOS.platform/Developer/SDKs/iPhoneOS26.1.sdk -I /Users/yashkumar/Library/Developer/Xcode/DerivedData/GuidedCaptureSample-gkixdhiryltlrkabwqehwybukdgx/Build/Products/Debug-iphoneos -F /Users/yashkumar/Library/Developer/Xcode/DerivedData/GuidedCaptureSample-gkixdhiryltlrkabwqehwybukdgx/Build/Products/Debug-iphoneos -no-color-diagnostics -Xcc -fno-color-diagnostics -enable-testing -g -debug-info-format\=dwarf -dwarf-version\=5 -module-cache-path /Users/yashkumar/Library/Developer/Xcode/DerivedData/GuidedCaptureSample-gkixdhiryltlrkabwqehwybukdgx/Build/Intermediates.noindex/SwiftExplicitPrecompiledModules -swift-version 5 -enforce-exclusivity\=checked -Onone -D DEBUG -serialize-debugging-options -const-gather-protocols-file /Users/yashkumar/Library/Developer/Xcode/DerivedData/GuidedCaptureSample-gkixdhiryltlrkabwqehwybukdgx/Build/Intermediates.noindex/GuidedCaptureSample.build/Debug-iphoneos/GuidedCaptureSample.build/Objects-normal/arm64/GuidedCaptureSample_const_extract_protocols.json -enable-experimental-feature DebugDescriptionMacro -enable-bare-slash-regex -empty-abi-descriptor -validate-clang-modules-once -clang-build-session-file /Users/yashkumar/Library/Developer/Xcode/DerivedData/ModuleCache.noindex/Session.modulevalidation -Xcc -working-directory -Xcc /Users/yashkumar/Downloads/ScanningObjectsUsingObjectCapture\ \(8\)/GuidedCaptureSample -enable-anonymous-context-mangled-names -file-compilation-dir /Users/yashkumar/Downloads/ScanningObjectsUsingObjectCapture\ \(8\)/GuidedCaptureSample -Xcc -D_LIBCPP_HARDENING_MODE\=_LIBCPP_HARDENING_MODE_DEBUG -Xcc -ivfsstatcache -Xcc /Users/yashkumar/Library/Developer/Xcode/DerivedData/SDKStatCaches.noindex/iphoneos26.1-23B77-69b33fc7382b27d9b5d46e82a00f8e78.sdkstatcache -Xcc -I/Users/yashkumar/Library/Developer/Xcode/DerivedData/GuidedCaptureSample-gkixdhiryltlrkabwqehwybukdgx/Build/Intermediates.noindex/GuidedCaptureSample.build/Debug-iphoneos/GuidedCaptureSample.build/swift-overrides.hmap -Xcc -iquote -Xcc /Users/yashkumar/Library/Developer/Xcode/DerivedData/GuidedCaptureSample-gkixdhiryltlrkabwqehwybukdgx/Build/Intermediates.noindex/GuidedCaptureSample.build/Debug-iphoneos/GuidedCaptureSample.build/GuidedCaptureSample-generated-files.hmap -Xcc -I/Users/yashkumar/Library/Developer/Xcode/DerivedData/GuidedCaptureSample-gkixdhiryltlrkabwqehwybukdgx/Build/Intermediates.noindex/GuidedCaptureSample.build/Debug-iphoneos/GuidedCaptureSample.build/GuidedCaptureSample-own-target-headers.hmap -Xcc -I/Users/yashkumar/Library/Developer/Xcode/DerivedData/GuidedCaptureSample-gkixdhiryltlrkabwqehwybukdgx/Build/Intermediates.noindex/GuidedCaptureSample.build/Debug-iphoneos/GuidedCaptureSample.build/GuidedCaptureSample-all-target-headers.hmap -Xcc -iquote -Xcc /Users/yashkumar/Library/Developer/Xcode/DerivedData/GuidedCaptureSample-gkixdhiryltlrkabwqehwybukdgx/Build/Intermediates.noindex/GuidedCaptureSample.build/Debug-iphoneos/GuidedCaptureSample.build/GuidedCaptureSample-project-headers.hmap -Xcc -I/Users/yashkumar/Library/Developer/Xcode/DerivedData/GuidedCaptureSample-gkixdhiryltlrkabwqehwybukdgx/Build/Products/Debug-iphoneos/include -Xcc -I/Users/yashkumar/Library/Developer/Xcode/DerivedData/GuidedCaptureSample-gkixdhiryltlrkabwqehwybukdgx/Build/Intermediates.noindex/GuidedCaptureSample.build/Debug-iphoneos/GuidedCaptureSample.build/DerivedSources-normal/arm64 -Xcc -I/Users/yashkumar/Library/Developer/Xcode/DerivedData/GuidedCaptureSample-gkixdhiryltlrkabwqehwybukdgx/Build/Intermediates.noindex/GuidedCaptureSample.build/Debug-iphoneos/GuidedCaptureSample.build/DerivedSources/arm64 -Xcc -I/Users/yashkumar/Library/Developer/Xcode/DerivedData/GuidedCaptureSample-gkixdhiryltlrkabwqehwybukdgx/Build/Intermediates.noindex/GuidedCaptureSample.build/Debug-iphoneos/GuidedCaptureSample.build/DerivedSources -Xcc -DDEBUG\=1 -no-auto-bridging-header-chaining -module-name GuidedCaptureSample -frontend-parseable-output -disable-clang-spi -target-sdk-version 26.1 -target-sdk-name iphoneos26.1 -clang-target arm64-apple-ios26.1 -in-process-plugin-server-path /Applications/Xcode.app/Contents/Developer/Toolchains/XcodeDefault.xctoolchain/usr/lib/swift/host/libSwiftInProcPluginServer.dylib -o /Users/yashkumar/Library/Developer/Xcode/DerivedData/GuidedCaptureSample-gkixdhiryltlrkabwqehwybukdgx/Build/Intermediates.noindex/GuidedCaptureSample.build/Debug-iphoneos/GuidedCaptureSample.build/Objects-normal/arm64/RestaurantDetailsScreen.o -index-unit-output-path /GuidedCaptureSample.build/Debug-iphoneos/GuidedCaptureSample.build/Objects-normal/arm64/RestaurantDetailsScreen.o -index-store-path /Users/yashkumar/Library/Developer/Xcode/DerivedData/GuidedCaptureSample-gkixdhiryltlrkabwqehwybukdgx/Index.noindex/DataStore -index-system-modules
SwiftDriverJobDiscovery normal arm64 Emitting module for GuidedCaptureSample (in target 'GuidedCaptureSample' from project 'GuidedCaptureSample')

SwiftDriver\ Compilation\ Requirements GuidedCaptureSample normal arm64 com.apple.xcode.tools.swift.compiler (in target 'GuidedCaptureSample' from project 'GuidedCaptureSample')
    cd /Users/yashkumar/Downloads/ScanningObjectsUsingObjectCapture\ \(8\)/GuidedCaptureSample
    builtin-Swift-Compilation-Requirements -- /Applications/Xcode.app/Contents/Developer/Toolchains/XcodeDefault.xctoolchain/usr/bin/swiftc -module-name GuidedCaptureSample -Onone -enforce-exclusivity\=checked @/Users/yashkumar/Library/Developer/Xcode/DerivedData/GuidedCaptureSample-gkixdhiryltlrkabwqehwybukdgx/Build/Intermediates.noindex/GuidedCaptureSample.build/Debug-iphoneos/GuidedCaptureSample.build/Objects-normal/arm64/GuidedCaptureSample.SwiftFileList -DDEBUG -enable-bare-slash-regex -enable-experimental-feature DebugDescriptionMacro -sdk /Applications/Xcode.app/Contents/Developer/Platforms/iPhoneOS.platform/Developer/SDKs/iPhoneOS26.1.sdk -target arm64-apple-ios18.0 -g -module-cache-path /Users/yashkumar/Library/Developer/Xcode/DerivedData/ModuleCache.noindex -Xfrontend -serialize-debugging-options -enable-testing -index-store-path /Users/yashkumar/Library/Developer/Xcode/DerivedData/GuidedCaptureSample-gkixdhiryltlrkabwqehwybukdgx/Index.noindex/DataStore -Xcc -D_LIBCPP_HARDENING_MODE\=_LIBCPP_HARDENING_MODE_DEBUG -swift-version 5 -I /Users/yashkumar/Library/Developer/Xcode/DerivedData/GuidedCaptureSample-gkixdhiryltlrkabwqehwybukdgx/Build/Products/Debug-iphoneos -F /Users/yashkumar/Library/Developer/Xcode/DerivedData/GuidedCaptureSample-gkixdhiryltlrkabwqehwybukdgx/Build/Products/Debug-iphoneos -emit-localized-strings -emit-localized-strings-path /Users/yashkumar/Library/Developer/Xcode/DerivedData/GuidedCaptureSample-gkixdhiryltlrkabwqehwybukdgx/Build/Intermediates.noindex/GuidedCaptureSample.build/Debug-iphoneos/GuidedCaptureSample.build/Objects-normal/arm64 -c -j10 -enable-batch-mode -incremental -Xcc -ivfsstatcache -Xcc /Users/yashkumar/Library/Developer/Xcode/DerivedData/SDKStatCaches.noindex/iphoneos26.1-23B77-69b33fc7382b27d9b5d46e82a00f8e78.sdkstatcache -output-file-map /Users/yashkumar/Library/Developer/Xcode/DerivedData/GuidedCaptureSample-gkixdhiryltlrkabwqehwybukdgx/Build/Intermediates.noindex/GuidedCaptureSample.build/Debug-iphoneos/GuidedCaptureSample.build/Objects-normal/arm64/GuidedCaptureSample-OutputFileMap.json -use-frontend-parseable-output -save-temps -no-color-diagnostics -explicit-module-build -module-cache-path /Users/yashkumar/Library/Developer/Xcode/DerivedData/GuidedCaptureSample-gkixdhiryltlrkabwqehwybukdgx/Build/Intermediates.noindex/SwiftExplicitPrecompiledModules -clang-scanner-module-cache-path /Users/yashkumar/Library/Developer/Xcode/DerivedData/ModuleCache.noindex -sdk-module-cache-path /Users/yashkumar/Library/Developer/Xcode/DerivedData/ModuleCache.noindex -serialize-diagnostics -emit-dependencies -emit-module -emit-module-path /Users/yashkumar/Library/Developer/Xcode/DerivedData/GuidedCaptureSample-gkixdhiryltlrkabwqehwybukdgx/Build/Intermediates.noindex/GuidedCaptureSample.build/Debug-iphoneos/GuidedCaptureSample.build/Objects-normal/arm64/GuidedCaptureSample.swiftmodule -validate-clang-modules-once -clang-build-session-file /Users/yashkumar/Library/Developer/Xcode/DerivedData/ModuleCache.noindex/Session.modulevalidation -Xcc -I/Users/yashkumar/Library/Developer/Xcode/DerivedData/GuidedCaptureSample-gkixdhiryltlrkabwqehwybukdgx/Build/Intermediates.noindex/GuidedCaptureSample.build/Debug-iphoneos/GuidedCaptureSample.build/swift-overrides.hmap -emit-const-values -Xfrontend -const-gather-protocols-file -Xfrontend /Users/yashkumar/Library/Developer/Xcode/DerivedData/GuidedCaptureSample-gkixdhiryltlrkabwqehwybukdgx/Build/Intermediates.noindex/GuidedCaptureSample.build/Debug-iphoneos/GuidedCaptureSample.build/Objects-normal/arm64/GuidedCaptureSample_const_extract_protocols.json -Xcc -iquote -Xcc /Users/yashkumar/Library/Developer/Xcode/DerivedData/GuidedCaptureSample-gkixdhiryltlrkabwqehwybukdgx/Build/Intermediates.noindex/GuidedCaptureSample.build/Debug-iphoneos/GuidedCaptureSample.build/GuidedCaptureSample-generated-files.hmap -Xcc -I/Users/yashkumar/Library/Developer/Xcode/DerivedData/GuidedCaptureSample-gkixdhiryltlrkabwqehwybukdgx/Build/Intermediates.noindex/GuidedCaptureSample.build/Debug-iphoneos/GuidedCaptureSample.build/GuidedCaptureSample-own-target-headers.hmap -Xcc -I/Users/yashkumar/Library/Developer/Xcode/DerivedData/GuidedCaptureSample-gkixdhiryltlrkabwqehwybukdgx/Build/Intermediates.noindex/GuidedCaptureSample.build/Debug-iphoneos/GuidedCaptureSample.build/GuidedCaptureSample-all-target-headers.hmap -Xcc -iquote -Xcc /Users/yashkumar/Library/Developer/Xcode/DerivedData/GuidedCaptureSample-gkixdhiryltlrkabwqehwybukdgx/Build/Intermediates.noindex/GuidedCaptureSample.build/Debug-iphoneos/GuidedCaptureSample.build/GuidedCaptureSample-project-headers.hmap -Xcc -I/Users/yashkumar/Library/Developer/Xcode/DerivedData/GuidedCaptureSample-gkixdhiryltlrkabwqehwybukdgx/Build/Products/Debug-iphoneos/include -Xcc -I/Users/yashkumar/Library/Developer/Xcode/DerivedData/GuidedCaptureSample-gkixdhiryltlrkabwqehwybukdgx/Build/Intermediates.noindex/GuidedCaptureSample.build/Debug-iphoneos/GuidedCaptureSample.build/DerivedSources-normal/arm64 -Xcc -I/Users/yashkumar/Library/Developer/Xcode/DerivedData/GuidedCaptureSample-gkixdhiryltlrkabwqehwybukdgx/Build/Intermediates.noindex/GuidedCaptureSample.build/Debug-iphoneos/GuidedCaptureSample.build/DerivedSources/arm64 -Xcc -I/Users/yashkumar/Library/Developer/Xcode/DerivedData/GuidedCaptureSample-gkixdhiryltlrkabwqehwybukdgx/Build/Intermediates.noindex/GuidedCaptureSample.build/Debug-iphoneos/GuidedCaptureSample.build/DerivedSources -Xcc -DDEBUG\=1 -emit-objc-header -emit-objc-header-path /Users/yashkumar/Library/Developer/Xcode/DerivedData/GuidedCaptureSample-gkixdhiryltlrkabwqehwybukdgx/Build/Intermediates.noindex/GuidedCaptureSample.build/Debug-iphoneos/GuidedCaptureSample.build/Objects-normal/arm64/GuidedCaptureSample-Swift.h -working-directory /Users/yashkumar/Downloads/ScanningObjectsUsingObjectCapture\ \(8\)/GuidedCaptureSample -experimental-emit-module-separately -disable-cmo

Copy /Users/yashkumar/Library/Developer/Xcode/DerivedData/GuidedCaptureSample-gkixdhiryltlrkabwqehwybukdgx/Build/Products/Debug-iphoneos/GuidedCaptureSample.swiftmodule/arm64-apple-ios.swiftmodule /Users/yashkumar/Library/Developer/Xcode/DerivedData/GuidedCaptureSample-gkixdhiryltlrkabwqehwybukdgx/Build/Intermediates.noindex/GuidedCaptureSample.build/Debug-iphoneos/GuidedCaptureSample.build/Objects-normal/arm64/GuidedCaptureSample.swiftmodule (in target 'GuidedCaptureSample' from project 'GuidedCaptureSample')
    cd /Users/yashkumar/Downloads/ScanningObjectsUsingObjectCapture\ \(8\)/GuidedCaptureSample
    builtin-copy -exclude .DS_Store -exclude CVS -exclude .svn -exclude .git -exclude .hg -resolve-src-symlinks -rename /Users/yashkumar/Library/Developer/Xcode/DerivedData/GuidedCaptureSample-gkixdhiryltlrkabwqehwybukdgx/Build/Intermediates.noindex/GuidedCaptureSample.build/Debug-iphoneos/GuidedCaptureSample.build/Objects-normal/arm64/GuidedCaptureSample.swiftmodule /Users/yashkumar/Library/Developer/Xcode/DerivedData/GuidedCaptureSample-gkixdhiryltlrkabwqehwybukdgx/Build/Products/Debug-iphoneos/GuidedCaptureSample.swiftmodule/arm64-apple-ios.swiftmodule

Copy /Users/yashkumar/Library/Developer/Xcode/DerivedData/GuidedCaptureSample-gkixdhiryltlrkabwqehwybukdgx/Build/Products/Debug-iphoneos/GuidedCaptureSample.swiftmodule/arm64-apple-ios.abi.json /Users/yashkumar/Library/Developer/Xcode/DerivedData/GuidedCaptureSample-gkixdhiryltlrkabwqehwybukdgx/Build/Intermediates.noindex/GuidedCaptureSample.build/Debug-iphoneos/GuidedCaptureSample.build/Objects-normal/arm64/GuidedCaptureSample.abi.json (in target 'GuidedCaptureSample' from project 'GuidedCaptureSample')
    cd /Users/yashkumar/Downloads/ScanningObjectsUsingObjectCapture\ \(8\)/GuidedCaptureSample
    builtin-copy -exclude .DS_Store -exclude CVS -exclude .svn -exclude .git -exclude .hg -resolve-src-symlinks -rename /Users/yashkumar/Library/Developer/Xcode/DerivedData/GuidedCaptureSample-gkixdhiryltlrkabwqehwybukdgx/Build/Intermediates.noindex/GuidedCaptureSample.build/Debug-iphoneos/GuidedCaptureSample.build/Objects-normal/arm64/GuidedCaptureSample.abi.json /Users/yashkumar/Library/Developer/Xcode/DerivedData/GuidedCaptureSample-gkixdhiryltlrkabwqehwybukdgx/Build/Products/Debug-iphoneos/GuidedCaptureSample.swiftmodule/arm64-apple-ios.abi.json

Copy /Users/yashkumar/Library/Developer/Xcode/DerivedData/GuidedCaptureSample-gkixdhiryltlrkabwqehwybukdgx/Build/Products/Debug-iphoneos/GuidedCaptureSample.swiftmodule/Project/arm64-apple-ios.swiftsourceinfo /Users/yashkumar/Library/Developer/Xcode/DerivedData/GuidedCaptureSample-gkixdhiryltlrkabwqehwybukdgx/Build/Intermediates.noindex/GuidedCaptureSample.build/Debug-iphoneos/GuidedCaptureSample.build/Objects-normal/arm64/GuidedCaptureSample.swiftsourceinfo (in target 'GuidedCaptureSample' from project 'GuidedCaptureSample')
    cd /Users/yashkumar/Downloads/ScanningObjectsUsingObjectCapture\ \(8\)/GuidedCaptureSample
    builtin-copy -exclude .DS_Store -exclude CVS -exclude .svn -exclude .git -exclude .hg -resolve-src-symlinks -rename /Users/yashkumar/Library/Developer/Xcode/DerivedData/GuidedCaptureSample-gkixdhiryltlrkabwqehwybukdgx/Build/Intermediates.noindex/GuidedCaptureSample.build/Debug-iphoneos/GuidedCaptureSample.build/Objects-normal/arm64/GuidedCaptureSample.swiftsourceinfo /Users/yashkumar/Library/Developer/Xcode/DerivedData/GuidedCaptureSample-gkixdhiryltlrkabwqehwybukdgx/Build/Products/Debug-iphoneos/GuidedCaptureSample.swiftmodule/Project/arm64-apple-ios.swiftsourceinfo

** BUILD FAILED **


The following build commands failed:
	SwiftCompile normal arm64 /Users/yashkumar/Downloads/ScanningObjectsUsingObjectCapture\ (8)/GuidedCaptureSample/UI/Screens/RestaurantDetailsScreen.swift (in target 'GuidedCaptureSample' from project 'GuidedCaptureSample')
	SwiftCompile normal arm64 Compiling\ RestaurantDetailsScreen.swift /Users/yashkumar/Downloads/ScanningObjectsUsingObjectCapture\ (8)/GuidedCaptureSample/UI/Screens/RestaurantDetailsScreen.swift (in target 'GuidedCaptureSample' from project 'GuidedCaptureSample')
	Building project GuidedCaptureSample with scheme GuidedCaptureSample
(3 failures)
